Cecidomyia aurantiaca@id=Cecidomyia aurantiaca
Clinodiplosis aurantiaca@id=Clinodiplosis aurantiaca
Clinodiplosis mosellana@id=Clinodiplosis mosellana
Diplosis aurantiaca@id=Diplosis aurantiaca
orange wheat gall midge@id=orange wheat gall midge
Sitodiplosis aurantiaca@id=Sitodiplosis aurantiaca
Thecodiplosis mosellana@id=Thecodiplosis mosellana
wheat midge@id=wheat midge
Wheat leaf streak rymovirus@id=Wheat leaf streak rymovirus
Wheat streak-mosaic virus@id=Wheat streak-mosaic virus
Wheat streak mosaic potyvirus@id=Wheat streak mosaic potyvirus
Wheat streak mosaic rymovirus@id=Wheat streak mosaic rymovirus
wheat viruses 6 and 7@id=wheat viruses 6 and 7
WSMV@id=WSMV
Anameson rubiellum@id=Anameson rubiellum
Aphis dallmani@id=Aphis dallmani
Aphis fragariae@id=Aphis fragariae
blackberry aphid@id=blackberry aphid
Japanese grain aphid@id=Japanese grain aphid
Macrosiphon avenivorum@id=Macrosiphon avenivorum
Macrosiphon rubiellum@id=Macrosiphon rubiellum
Macrosiphum avenivorum@id=Macrosiphum avenivorum
Macrosiphum fragariae@id=Macrosiphum fragariae
Macrosiphum harpagorubus@id=Macrosiphum harpagorubus
Macrosiphum molluginella@id=Macrosiphum molluginella
Macrosiphum rubiellum@id=Macrosiphum rubiellum
Myzus laricellus@id=Myzus laricellus
Myzus molluginella@id=Myzus molluginella
Myzus molluginellus@id=Myzus molluginellus
Siphonophora poae@id=Siphonophora poae
Sitobion rubiellum@id=Sitobion rubiellum
Colletotrichum cereale@id=Colletotrichum cereale
Dicladium graminicola@id=Dicladium graminicola
Dicladium graminicolum@id=Dicladium graminicolum
Glomerella graminicola@id=Glomerella graminicola
Acridium migratorium@id=Acridium migratorium
Acrydium manilensis@id=Acrydium manilensis
African migratory locust@id=African migratory locust
Asiatic migratory locust@id=Asiatic migratory locust
Gastrimargus affinis@id=Gastrimargus affinis
Gastrimargus morio@id=Gastrimargus morio
Gryllus cinerascens@id=Gryllus cinerascens
Gryllus danicus@id=Gryllus danicus
Gryllus migratorius@id=Gryllus migratorius
Locusta australis@id=Locusta australis
Locusta capito@id=Locusta capito
Locusta christii@id=Locusta christii
Locusta danica@id=Locusta danica
Locusta migratoria burmana@id=Locusta migratoria burmana
Locusta migratoria capito@id=Locusta migratoria capito
Locusta migratoria cinerascens@id=Locusta migratoria cinerascens
Locusta migratoria danica@id=Locusta migratoria danica
Locusta migratoria gallica@id=Locusta migratoria gallica
Locusta migratoria manilensis@id=Locusta migratoria manilensis
Locusta migratoria migratorioides@id=Locusta migratoria migratorioides
Locusta migratoria rossica@id=Locusta migratoria rossica
Locusta migratoria tibetensis@id=Locusta migratoria tibetensis
Locusta migratorioides@id=Locusta migratorioides
Malagasy migratory locust@id=Malagasy migratory locust
Oedipoda migratoria@id=Oedipoda migratoria
Oedipoda migratorioides@id=Oedipoda migratorioides
Oriental migratory locust@id=Oriental migratory locust
Pachytylus australis@id=Pachytylus australis
Pachytylus capito@id=Pachytylus capito
Pachytylus cinerascens@id=Pachytylus cinerascens
Pachytylus danica@id=Pachytylus danica
Pachytylus danicus@id=Pachytylus danicus
Pachytylus migratoria capito@id=Pachytylus migratoria capito
Pachytylus migratoria migratorioides@id=Pachytylus migratoria migratorioides
Pachytylus migratorioides var. capito@id=Pachytylus migratorioides var. capito
Pachytylus migratorius@id=Pachytylus migratorius
Philippine migratory locust@id=Philippine migratory locust
Barley yellow striate mosaic cytorhabdovirus@id=Barley yellow striate mosaic cytorhabdovirus
barley yellow striate mosaic rhabdovirus@id=barley yellow striate mosaic rhabdovirus
Cereal striate mosaic virus@id=Cereal striate mosaic virus
Maize sterile stunt virus@id=Maize sterile stunt virus
Moroccan wheat rhabdovirus@id=Moroccan wheat rhabdovirus
Moroccan wheat virus@id=Moroccan wheat virus
Wheat chlorotic streak mosaic virus@id=Wheat chlorotic streak mosaic virus
Wheat chlorotic streak virus@id=Wheat chlorotic streak virus
blotched-leaf spurge@id=blotched-leaf spurge
Chamaesyce hirta@id=Chamaesyce hirta
Euphorbia capitata@id=Euphorbia capitata
Euphorbia globulifera@id=Euphorbia globulifera
Euphorbia modiflora@id=Euphorbia modiflora
Euphorbia obliterata@id=Euphorbia obliterata
Euphorbia pilulifera var. hirta@id=Euphorbia pilulifera var. hirta
Euphorbia verticillata@id=Euphorbia verticillata
hairy spurge@id=hairy spurge
Jean Roberts@id=Jean Roberts
red euphorbia@id=red euphorbia
duckweed@id=duckweed
garden purslane@id=garden purslane
little-hogweed@id=little-hogweed
Portulaca aegyptica@id=Portulaca aegyptica
Portulaca diptera@id=Portulaca diptera
Portulaca fosbergii@id=Portulaca fosbergii
Portulaca marginata@id=Portulaca marginata
Portulaca neglecta@id=Portulaca neglecta
Portulaca parviflora@id=Portulaca parviflora
Portulaca retusa@id=Portulaca retusa
Portulaca sativa@id=Portulaca sativa
pursley@id=pursley
pusley@id=pusley
pussley@id=pussley
summer purslane@id=summer purslane
wild portulaca@id=wild portulaca
Lachnosterna serrata@id=Lachnosterna serrata
leaf chafer@id=leaf chafer
Melolontha serrata@id=Melolontha serrata
Phyllophaga serrata@id=Phyllophaga serrata
Avena mollis@id=Avena mollis
Bromus hordeaceus subsp. hordeaceus@id=Bromus hordeaceus subsp. hordeaceus
Bromus molliformis@id=Bromus molliformis
Bromus mollis@id=Bromus mollis
Bromus simplicissimus@id=Bromus simplicissimus
bull grass@id=bull grass
Forasaccus mollis@id=Forasaccus mollis
Serrafalcus mollis@id=Serrafalcus mollis
Serrafalcus rigens@id=Serrafalcus rigens
Anuraphis mume@id=Anuraphis mume
Aphis splendens@id=Aphis splendens
Aresha setigera@id=Aresha setigera
Aresha shelkovnikovi@id=Aresha shelkovnikovi
cereal root aphid@id=cereal root aphid
Cerosipha californica@id=Cerosipha californica
Cerosipha subterranea@id=Cerosipha subterranea
Pseudocerosipha pruni@id=Pseudocerosipha pruni
red rice root aphid@id=red rice root aphid
Rhopalosiphum californicum@id=Rhopalosiphum californicum
Rhopalosiphum fucanoi@id=Rhopalosiphum fucanoi
Rhopalosiphum gnaphalii@id=Rhopalosiphum gnaphalii
Rhopalosiphum oryzae@id=Rhopalosiphum oryzae
Rhopalosiphum papaveris@id=Rhopalosiphum papaveris
Rhopalosiphum phragmitidis@id=Rhopalosiphum phragmitidis
Rhopalosiphum rufiabdominale@id=Rhopalosiphum rufiabdominale
Rhopalosiphum shelkovnikovi@id=Rhopalosiphum shelkovnikovi
Rhopalosiphum splendens@id=Rhopalosiphum splendens
Rhopalosiphum subterraneum@id=Rhopalosiphum subterraneum
Siphocoryne splendens@id=Siphocoryne splendens
Toxoptera rufiabdominalis@id=Toxoptera rufiabdominalis
Yamataphis oryzae@id=Yamataphis oryzae
Yamataphis papaveris@id=Yamataphis papaveris
Yamataphis rufiabdominalis@id=Yamataphis rufiabdominalis
corn pink borer@id=corn pink borer
corn stem borer@id=corn stem borer
large corn borer@id=large corn borer
maize shoot borer@id=maize shoot borer
Nonagria cyrnaea@id=Nonagria cyrnaea
Nonagria uniformis@id=Nonagria uniformis
Sesamia cretica rufescens@id=Sesamia cretica rufescens
Sesamia cyrnaea@id=Sesamia cyrnaea
Sesamia fraterna@id=Sesamia fraterna
Sesamia griselda@id=Sesamia griselda
Sesamia pecki@id=Sesamia pecki
Sesamia striata@id=Sesamia striata
Sesamia uniformis@id=Sesamia uniformis
Sesamia vuteria vuterioides@id=Sesamia vuteria vuterioides
shoot boring caterpillar@id=shoot boring caterpillar
sorghum borer@id=sorghum borer
stem corn borer@id=stem corn borer
sugarcane pink borer@id=sugarcane pink borer
Aphis pheidolei@id=Aphis pheidolei
Aphis sacchari@id=Aphis sacchari
Aphis sorghella@id=Aphis sorghella
Aphis sorghi@id=Aphis sorghi
cane aphid@id=cane aphid
dura asyl fly@id=dura asyl fly
green sugarcane aphid@id=green sugarcane aphid
grey sugarcane aphid@id=grey sugarcane aphid
Longiunguis sacchari@id=Longiunguis sacchari
Melanaphis sorghi@id=Melanaphis sorghi
Rhopalosiphum sacchari@id=Rhopalosiphum sacchari
Sipha sacchari@id=Sipha sacchari
sorghum aphid@id=sorghum aphid
Uraphis sorghi@id=Uraphis sorghi
Acrothecium lunatum@id=Acrothecium lunatum
Curvularia lunata@id=Curvularia lunata
Malustela aeria@id=Malustela aeria
Pseudocochliobolus lunatus@id=Pseudocochliobolus lunatus
Liposcelis bakeri@id=Liposcelis bakeri
Liposcelis entomophilus@id=Liposcelis entomophilus
Liposcelis virgulatus@id=Liposcelis virgulatus
Troctes entomophilus@id=Troctes entomophilus
Aphis adjusta@id=Aphis adjusta
Aphis adusta@id=Aphis adusta
Aphis africana@id=Aphis africana
Aphis avenae@id=Aphis avenae
Aphis cooki@id=Aphis cooki
Aphis maidis@id=Aphis maidis
Aphis maydis@id=Aphis maydis
Aphis obnoxia@id=Aphis obnoxia
Aphis vulpiae@id=Aphis vulpiae
Aphis zeae@id=Aphis zeae
barley aphid@id=barley aphid
cereal leaf aphid@id=cereal leaf aphid
corn aphid@id=corn aphid
corn leaf aphid@id=corn leaf aphid
darkgreen grain aphid@id=darkgreen grain aphid
Macrosiphum maidis@id=Macrosiphum maidis
maize aphid@id=maize aphid
Rhopalosiphon maidis@id=Rhopalosiphon maidis
Rhopalosiphum zeae@id=Rhopalosiphum zeae
Schizaphis setariae@id=Schizaphis setariae
Siphonaphis adusta@id=Siphonaphis adusta
Siphonaphis maidis@id=Siphonaphis maidis
Stenaphis monticellii@id=Stenaphis monticellii
Pythium gramnicolum@id=Pythium gramnicolum
Chlorocyperus rotundus@id=Chlorocyperus rotundus
coco grass@id=coco grass
Cyperus bifax@id=Cyperus bifax
Cyperus tuberosus@id=Cyperus tuberosus
nutgrass@id=nutgrass
Pycreus rotundus@id=Pycreus rotundus
red grass@id=red grass
grass cyst eelworm@id=grass cyst eelworm
Heterodera punctata@id=Heterodera punctata
Liposcelis paetus@id=Liposcelis paetus
Calligypona striatella@id=Calligypona striatella
Delphacodes striatella@id=Delphacodes striatella
Delphacodes striatellus@id=Delphacodes striatellus
Delphax notula@id=Delphax notula
Delphax striata@id=Delphax striata
Delphax striatella@id=Delphax striatella
Laodelphax marginata@id=Laodelphax marginata
Laodelphax striatella@id=Laodelphax striatella
Liburnia akashiensis@id=Liburnia akashiensis
Liburnia devastans@id=Liburnia devastans
Liburnia gifuensis@id=Liburnia gifuensis
Liburnia haupti@id=Liburnia haupti
Liburnia maikoensis@id=Liburnia maikoensis
Liburnia marginata@id=Liburnia marginata
Liburnia minonensis@id=Liburnia minonensis
Liburnia nipponica@id=Liburnia nipponica
Liburnia striatella@id=Liburnia striatella
Dermestes fumatus@id=Dermestes fumatus
Dermestes stercorea@id=Dermestes stercorea
Typhaea fumata@id=Typhaea fumata
African cotton bollworm@id=African cotton bollworm
Chloridea armigera@id=Chloridea armigera
Chloridea obsoleta@id=Chloridea obsoleta
gram pod borer@id=gram pod borer
Helicoverpa obsoleta@id=Helicoverpa obsoleta
Heliothis armiger@id=Heliothis armiger
Heliothis armigera@id=Heliothis armigera
Heliothis fusca@id=Heliothis fusca
Heliothis obsoleta@id=Heliothis obsoleta
Heliothis ochracea@id=Heliothis ochracea
Heliothis rama@id=Heliothis rama
Heliothis umbrosa@id=Heliothis umbrosa
Noctua armigera@id=Noctua armigera
Old World bollworm@id=Old World bollworm
tomato grub@id=tomato grub
one-spined mole cricket@id=one-spined mole cricket
Nanidorus christiei@id=Nanidorus christiei
Nanidorus minor@id=Nanidorus minor
Nanidorus obesus@id=Nanidorus obesus
Paratrichodorus christiei@id=Paratrichodorus christiei
Paratrichodorus obesus@id=Paratrichodorus obesus
Trichodorus christiei@id=Trichodorus christiei
Trichodorus minor@id=Trichodorus minor
Trichodorus obesus@id=Trichodorus obesus
cotton tip borer@id=cotton tip borer
Crocidosema blackburnii@id=Crocidosema blackburnii
Crocidosema bostrychodes@id=Crocidosema bostrychodes
Crocidosema insulana@id=Crocidosema insulana
Crocidosema iris@id=Crocidosema iris
Crocidosema plebeiana@id=Crocidosema plebeiana
Crocidosema ptiladelpha@id=Crocidosema ptiladelpha
Crocidosema synneurota@id=Crocidosema synneurota
Eucosma charmera@id=Eucosma charmera
Eucosma plebeiana@id=Eucosma plebeiana
Eucosma tornocycla@id=Eucosma tornocycla
Grapholitha altheana@id=Grapholitha altheana
Grapholitha excitana@id=Grapholitha excitana
Grapholitha peregrinana@id=Grapholitha peregrinana
hollyhock moth@id=hollyhock moth
Paedisca lavaterana@id=Paedisca lavaterana
Parasuleima insulana@id=Parasuleima insulana
Penthina altheana@id=Penthina altheana
Proteopteryx blackburnii@id=Proteopteryx blackburnii
southern bell@id=southern bell
Steganoptycha altheana@id=Steganoptycha altheana
Steganoptycha obscura@id=Steganoptycha obscura
Steganoptycha signatana@id=Steganoptycha signatana
mealworm@id=mealworm
mealworm beetle@id=mealworm beetle
Tenebrio molitoria@id=Tenebrio molitoria
yellow mealworm@id=yellow mealworm
yellow mealworm beetle@id=yellow mealworm beetle
Conyza cinerea@id=Conyza cinerea
Seneciodes cinereum@id=Seneciodes cinereum
Senecioides cinerea@id=Senecioides cinerea
Vernonia cinerea@id=Vernonia cinerea
Anuraphis padi@id=Anuraphis padi
Anuraphis prunina@id=Anuraphis prunina
Aphis annuae@id=Aphis annuae
Aphis avenae-sativae@id=Aphis avenae-sativae
Aphis holci@id=Aphis holci
Aphis padi@id=Aphis padi
Aphis prunifoliae@id=Aphis prunifoliae
Aphis pseudoavenae@id=Aphis pseudoavenae
Aphis tritici@id=Aphis tritici
Aphis uwamizusakurae@id=Aphis uwamizusakurae
bird cherry-oat aphid@id=bird cherry-oat aphid
bird cherry aphid@id=bird cherry aphid
birdcherry-oat aphid@id=birdcherry-oat aphid
Brachycaudus padi@id=Brachycaudus padi
Brachycaudus pruni@id=Brachycaudus pruni
cereal aphid@id=cereal aphid
oat-birdcherry aphid@id=oat-birdcherry aphid
oat aphid@id=oat aphid
oat grain aphid@id=oat grain aphid
Rhopalosiphon padi@id=Rhopalosiphon padi
Rhopalosiphum fitchii@id=Rhopalosiphum fitchii
Rhopalosiphum padi subsp. americanum@id=Rhopalosiphum padi subsp. americanum
Rhopalosiphum prunifoliae@id=Rhopalosiphum prunifoliae
Siphocoryne acericola@id=Siphocoryne acericola
Siphocoryne donarium@id=Siphocoryne donarium
Siphocoryne faxinicola@id=Siphocoryne faxinicola
Siphonaphis padi@id=Siphonaphis padi
Siphonaphis prunifoliae@id=Siphonaphis prunifoliae
bran bug@id=bran bug
Colydium castaneum@id=Colydium castaneum
red grain beetle@id=red grain beetle
red meal beetle@id=red meal beetle
rust-red flour beetle@id=rust-red flour beetle
Tribolium ferrugineum@id=Tribolium ferrugineum
Tribolium navale@id=Tribolium navale
Tribolium testaceum@id=Tribolium testaceum
Calandra bituberculatus@id=Calandra bituberculatus
Calandra frugilegus@id=Calandra frugilegus
Calandra funebris@id=Calandra funebris
Calandra oryxae var. minor@id=Calandra oryxae var. minor
Calandra oryzae@id=Calandra oryzae
Calandra sasaki@id=Calandra sasaki
Calandra sasakii@id=Calandra sasakii
Calendra oryzae@id=Calendra oryzae
Curculio oryza@id=Curculio oryza
Curculio oryzae@id=Curculio oryzae
Diocalandra oryzae@id=Diocalandra oryzae
rice weevil@id=rice weevil
Sitophilus oryzae var. minor@id=Sitophilus oryzae var. minor
Sitophilus sasakii@id=Sitophilus sasakii
aflatoxin producing mould@id=aflatoxin producing mould
Aspergillus fasciculatum@id=Aspergillus fasciculatum
Aspergillus flavus f. magnasporus@id=Aspergillus flavus f. magnasporus
Aspergillus flavus var. parvisclerotigenus@id=Aspergillus flavus var. parvisclerotigenus
Aspergillus flavus var. wehmeri@id=Aspergillus flavus var. wehmeri
Aspergillus humus@id=Aspergillus humus
Aspergillus luteus@id=Aspergillus luteus
Aspergillus parvisclerotigenus@id=Aspergillus parvisclerotigenus
Aspergillus wehmeri@id=Aspergillus wehmeri
Aspergittus flavus@id=Aspergittus flavus
Cucujus ferrugineus@id=Cucujus ferrugineus
Laemophloeus ferrugineus@id=Laemophloeus ferrugineus
rust-red grain beetle@id=rust-red grain beetle
Rungsia graminis@id=Rungsia graminis
Rungsia maydis@id=Rungsia maydis
Sipha avenae@id=Sipha avenae
Sipha brunnea@id=Sipha brunnea
Sipha graminis@id=Sipha graminis
Sipha maidis@id=Sipha maidis
Sipha maydis var. avenae@id=Sipha maydis var. avenae
Sogatella longifurcifera@id=Sogatella longifurcifera
Sogatella panicicola@id=Sogatella panicicola
Agrotis aliena@id=Agrotis aliena
Agrotis bisignata@id=Agrotis bisignata
Agrotis submarginalis@id=Agrotis submarginalis
Agrotis transducta@id=Agrotis transducta
Celaena bisignata@id=Celaena bisignata
Euxoa ogasawarensis@id=Euxoa ogasawarensis
Hadena obliqua@id=Hadena obliqua
Hermonassa formosana@id=Hermonassa formosana
Laphygma gratiosa@id=Laphygma gratiosa
Laphygma squalida@id=Laphygma squalida
Prodenia infecta@id=Prodenia infecta
Prodenia insignata@id=Prodenia insignata
Prodenia permunda@id=Prodenia permunda
Prodenia venustula@id=Prodenia venustula
Spodoptera acronyctiformis@id=Spodoptera acronyctiformis
Spodoptera acronyctoides@id=Spodoptera acronyctoides
Spodoptera filum@id=Spodoptera filum
Spodoptera mauritia ab. effeminata@id=Spodoptera mauritia ab. effeminata
Spodoptera nubes@id=Spodoptera nubes
Anthothrips aculeatus@id=Anthothrips aculeatus
cereal thrips@id=cereal thrips
Haplothrips cephalotes@id=Haplothrips cephalotes
Phloeothrips frumentaria@id=Phloeothrips frumentaria
rice aculeated thrips@id=rice aculeated thrips
rye thrips@id=rye thrips
Thrips frumentarius@id=Thrips frumentarius
African cereal streak virus@id=African cereal streak virus
Bajra streak virus@id=Bajra streak virus
Cereal African streak virus@id=Cereal African streak virus
Maize mottle virus@id=Maize mottle virus
Maize streak A virus@id=Maize streak A virus
maize streak geminivirus@id=maize streak geminivirus
Maize streak monogeminivirus@id=Maize streak monogeminivirus
Maize streak virus A@id=Maize streak virus A
Fusarium equiseti@id=Fusarium equiseti
Fusarium falcatum@id=Fusarium falcatum
Fusarium gibbosum@id=Fusarium gibbosum
Fusarium roseum 'Gibbosum'@id=Fusarium roseum 'Gibbosum'
Fusarium roseum var. equiseti@id=Fusarium roseum var. equiseti
Pseudomonas translucens var. cerealis@id=Pseudomonas translucens var. cerealis
Xanthomonas campestris cerealis@id=Xanthomonas campestris cerealis
Xanthomonas campestris pathovar. cerealis@id=Xanthomonas campestris pathovar. cerealis
Xanthomonas campestris pv. cerealis@id=Xanthomonas campestris pv. cerealis
Xanthomonas campestris subsp. cerealis@id=Xanthomonas campestris subsp. cerealis
Xanthomonas cerealis@id=Xanthomonas cerealis
Xanthomonas translucens cerealis@id=Xanthomonas translucens cerealis
Xanthomonas translucens f.sp. cerealis@id=Xanthomonas translucens f.sp. cerealis
Xanthomonas translucens pathovar. cerealis@id=Xanthomonas translucens pathovar. cerealis
Xanthomonas translucens subsp. cerealis@id=Xanthomonas translucens subsp. cerealis
Fusarium sporotrichiella@id=Fusarium sporotrichiella
Fusarium sporotrichiella var. sporotrichioides@id=Fusarium sporotrichiella var. sporotrichioides
Fusarium sporotrichioides subsp. minus@id=Fusarium sporotrichioides subsp. minus
Fusarium sporotrichioides var. minor@id=Fusarium sporotrichioides var. minor
Fusarium sporotrichioides var. minus@id=Fusarium sporotrichioides var. minus
Calandra chilensis@id=Calandra chilensis
Calandra oryzae platensis@id=Calandra oryzae platensis
Calandra platensis@id=Calandra platensis
Calandra quadrimacula@id=Calandra quadrimacula
Calandra zea-mais@id=Calandra zea-mais
Calandra zeamais@id=Calandra zeamais
Calendra zeamais@id=Calendra zeamais
greater rice weevil@id=greater rice weevil
maize weevil@id=maize weevil
northern corn billbug@id=northern corn billbug
Sitophilus oryzae platensis@id=Sitophilus oryzae platensis
Sitophilus oryzae zeamais@id=Sitophilus oryzae zeamais
Sitophilus oryzae zeamaiz@id=Sitophilus oryzae zeamaiz
Anagasta kuehniella@id=Anagasta kuehniella
Anagasta kuhniella@id=Anagasta kuhniella
Ephestia kuhniella@id=Ephestia kuhniella
Ephestia sericaria@id=Ephestia sericaria
flour moth@id=flour moth
mill moth@id=mill moth
Cercospora sacchari@id=Cercospora sacchari
Drechslera sacchari@id=Drechslera sacchari
Helminthosporium sacchari@id=Helminthosporium sacchari
Calystegia arvensis@id=Calystegia arvensis
chardvel@id=chardvel
Convolvulus chinensis@id=Convolvulus chinensis
Convolvulus minor@id=Convolvulus minor
Convolvulus sagittifolius@id=Convolvulus sagittifolius
cornbine@id=cornbine
field bindweed@id=field bindweed
Dasypyga carbonella@id=Dasypyga carbonella
Elasmopalpus anthracellus@id=Elasmopalpus anthracellus
Elasmopalpus carbonella@id=Elasmopalpus carbonella
Elasmopalpus incautella@id=Elasmopalpus incautella
Elasmopalpus major@id=Elasmopalpus major
Elasmopalpus puer@id=Elasmopalpus puer
Elasmopalpus tartarella@id=Elasmopalpus tartarella
lesser cornstalk borer@id=lesser cornstalk borer
Pempelia lignosella@id=Pempelia lignosella
Salebria lignosella@id=Salebria lignosella
sugarcane jumping borer@id=sugarcane jumping borer
Bipolaris maydis@id=Bipolaris maydis
Drechslera maydis@id=Drechslera maydis
Helminthosporium maydis@id=Helminthosporium maydis
Ophiobolus heterostrophus@id=Ophiobolus heterostrophus
Asiatic pink stem borer@id=Asiatic pink stem borer
gramineous stem borer@id=gramineous stem borer
Leucania albiciliata@id=Leucania albiciliata
Leucania inferens@id=Leucania inferens
Leucania proscripta@id=Leucania proscripta
Nonagria albiciliata@id=Nonagria albiciliata
Nonagria gracilis@id=Nonagria gracilis
Nonagria inferens@id=Nonagria inferens
Nonagria innocens@id=Nonagria innocens
pink rice borer@id=pink rice borer
pink rice stem borer@id=pink rice stem borer
pink stem borer@id=pink stem borer
purple borer@id=purple borer
purplish stem borer@id=purplish stem borer
ragi stem borer@id=ragi stem borer
Sesamia albiciliata@id=Sesamia albiciliata
Sesamia tranquilaris@id=Sesamia tranquilaris
violet stem borer@id=violet stem borer
Breea arvensis@id=Breea arvensis
California thistle@id=California thistle
Canada thistle@id=Canada thistle
Carduus arvensis@id=Carduus arvensis
Cephalonoplos arvensis@id=Cephalonoplos arvensis
Cirsium incanum@id=Cirsium incanum
Cirsium lanatum@id=Cirsium lanatum
Cnicus arvensis@id=Cnicus arvensis
Cnicus lanatus@id=Cnicus lanatus
field thistle@id=field thistle
perennial thistle@id=perennial thistle
Serratula setosa@id=Serratula setosa
Neovossia indica@id=Neovossia indica
Euparypha pisana@id=Euparypha pisana
Helix pisana@id=Helix pisana
Thlaspi bursa-pastoris@id=Thlaspi bursa-pastoris
almond moth@id=almond moth
Cadra defectella@id=Cadra defectella
Ephestia cahiritella@id=Ephestia cahiritella
Ephestia cautella@id=Ephestia cautella
Ephestia defectella@id=Ephestia defectella
Etiella cautella@id=Etiella cautella
fig moth@id=fig moth
Pempelia cautella@id=Pempelia cautella
tropical warehouse moth@id=tropical warehouse moth
Kolla mimica@id=Kolla mimica
Fusarium acuminatum@id=Fusarium acuminatum
Fusarium caudatum@id=Fusarium caudatum
Fusarium scirpi@id=Fusarium scirpi
Fusarium scirpi var. acuminatum@id=Fusarium scirpi var. acuminatum
Microcera acuminata@id=Microcera acuminata
Bandicota indica nemorivaga@id=Bandicota indica nemorivaga
Bandicota mordax@id=Bandicota mordax
Bandicota siamensis@id=Bandicota siamensis
greater Indian bandicoot rat@id=greater Indian bandicoot rat
larger bandicoot rat@id=larger bandicoot rat
mole rat@id=mole rat
Amphorophora avenae@id=Amphorophora avenae
Aphidiella secretocauda@id=Aphidiella secretocauda
Aphis allii@id=Aphis allii
Aphis cerealis@id=Aphis cerealis
Aphis granaria@id=Aphis granaria
Hyadaphis avenae@id=Hyadaphis avenae
Macrosiphon avenae@id=Macrosiphon avenae
Macrosiphum alli@id=Macrosiphum alli
Macrosiphum allii@id=Macrosiphum allii
Macrosiphum avenae@id=Macrosiphum avenae
Macrosiphum cerealis@id=Macrosiphum cerealis
Macrosiphum granarium@id=Macrosiphum granarium
Nectarophora cerealis@id=Nectarophora cerealis
Rhopalosiphum avenae@id=Rhopalosiphum avenae
Siphonophora cerealis@id=Siphonophora cerealis
Sitobion cerealis@id=Sitobion cerealis
Sitobion granarium@id=Sitobion granarium
Sitobium avenae@id=Sitobium avenae
Agrotis aureolum@id=Agrotis aureolum
Agrotis bipars@id=Agrotis bipars
Agrotis frivola@id=Agrotis frivola
Agrotis pepoli@id=Agrotis pepoli
Agrotis spinula@id=Agrotis spinula
Agrotis suffusa@id=Agrotis suffusa
Agrotis telifera@id=Agrotis telifera
Agrotis ypsilon@id=Agrotis ypsilon
Bombyx idonea@id=Bombyx idonea
Bombyx spinula@id=Bombyx spinula
dark sword grass moth@id=dark sword grass moth
Euxoa ipsilon@id=Euxoa ipsilon
Euxoa ypsilon@id=Euxoa ypsilon
Exarnis ypsilon@id=Exarnis ypsilon
Feltia ipsilon@id=Feltia ipsilon
Feltia ypsilon@id=Feltia ypsilon
gram cutworm@id=gram cutworm
greasy cutworm@id=greasy cutworm
liance rustic@id=liance rustic
Lycophotia ypsilon@id=Lycophotia ypsilon
Noctua aneituma@id=Noctua aneituma
Noctua ipsilon@id=Noctua ipsilon
Noctua suffusa@id=Noctua suffusa
Noctua ypsilon@id=Noctua ypsilon
Peridroma suffusa@id=Peridroma suffusa
Phalaena ipsilon@id=Phalaena ipsilon
Phalaena ypsilon@id=Phalaena ypsilon
Rhyacia ipsilon@id=Rhyacia ipsilon
Rhyacia pernigrata@id=Rhyacia pernigrata
Rhyacia ypsilon@id=Rhyacia ypsilon
Scotia ipsilon@id=Scotia ipsilon
Scotia ypsilon@id=Scotia ypsilon
ypsilon dart@id=ypsilon dart
European marsh crane fly@id=European marsh crane fly
leatherjacket@id=leatherjacket
Tipula fimbriata@id=Tipula fimbriata
Tipula flavolutescens@id=Tipula flavolutescens
Tipula wollastoni@id=Tipula wollastoni
Chlorops frit@id=Chlorops frit
Musca frit@id=Musca frit
Oscinella avenae@id=Oscinella avenae
Oscinella granarius@id=Oscinella granarius
Oscinis frit@id=Oscinis frit
Oscinosoma frit@id=Oscinosoma frit
Oscinus frit@id=Oscinus frit
Calandra granaria@id=Calandra granaria
Calandra granarius@id=Calandra granarius
Calendra granaria@id=Calendra granaria
Curculio granarius@id=Curculio granarius
granary weevil@id=granary weevil
Sitophilus granaria@id=Sitophilus granaria
Asterocystis radicis@id=Asterocystis radicis
Chytridium brassicae@id=Chytridium brassicae
Olpidiaster radicis@id=Olpidiaster radicis
Olpidium borzii@id=Olpidium borzii
Olpidium radicicola@id=Olpidium radicicola
Pleotrachelus brassicae@id=Pleotrachelus brassicae
Chrysanthemum beetle@id=Chrysanthemum beetle
Diabrotica amabilis@id=Diabrotica amabilis
Diabrotica hexaspilota@id=Diabrotica hexaspilota
Diabrotica simoni@id=Diabrotica simoni
Diabrotica simulans@id=Diabrotica simulans
Diabrotica vigens@id=Diabrotica vigens
Galeruca speciosa@id=Galeruca speciosa
San Antonio beetle@id=San Antonio beetle
Aphanus hyalinipennis@id=Aphanus hyalinipennis
Aphanus tardus var. hyalipennis@id=Aphanus tardus var. hyalipennis
Cymus cincticornis@id=Cymus cincticornis
Oxycarenus castaneus@id=Oxycarenus castaneus
Oxycarenus cruralis@id=Oxycarenus cruralis
Oxycarenus hyalipennis@id=Oxycarenus hyalipennis
Oxycarenus leucopterus@id=Oxycarenus leucopterus
cabinet beetle@id=cabinet beetle
Trogoderma affrum@id=Trogoderma affrum
Trogoderma khapra@id=Trogoderma khapra
Gortyna micacea@id=Gortyna micacea
Hydroecia micacea@id=Hydroecia micacea
potato stem borer@id=potato stem borer
rosy rustic moth@id=rosy rustic moth
Chilo excerptalis@id=Chilo excerptalis
Scirpophaga butyrota@id=Scirpophaga butyrota
Scirpophaga intacta@id=Scirpophaga intacta
Scirpophaga monostigma@id=Scirpophaga monostigma
Scirpophaga rhodoproctalis@id=Scirpophaga rhodoproctalis
sugarcane top borer@id=sugarcane top borer
sugarcane top moth borer@id=sugarcane top moth borer
Topeutis intacta@id=Topeutis intacta
Topeutis rhodoproctalis@id=Topeutis rhodoproctalis
Tryporyza butyrota@id=Tryporyza butyrota
Tryporyza intacta@id=Tryporyza intacta
Tryporyza monostigma@id=Tryporyza monostigma
Tryporyza nivella intacta@id=Tryporyza nivella intacta
Tryporyza rhodoproctalis@id=Tryporyza rhodoproctalis
Puccinia albigensis@id=Puccinia albigensis
Puccinia anthistiriae@id=Puccinia anthistiriae
Puccinia anthoxanthi@id=Puccinia anthoxanthi
Puccinia avenae-pubescentis@id=Puccinia avenae-pubescentis
Puccinia brizae-maximi@id=Puccinia brizae-maximi
Puccinia cerealis@id=Puccinia cerealis
Puccinia culmicola@id=Puccinia culmicola
Puccinia dactylidis@id=Puccinia dactylidis
Puccinia elymina@id=Puccinia elymina
Puccinia favargeri@id=Puccinia favargeri
Puccinia graminis f. agropyri@id=Puccinia graminis f. agropyri
Puccinia graminis f. macrospora@id=Puccinia graminis f. macrospora
Puccinia graminis f.sp. avenae@id=Puccinia graminis f.sp. avenae
Puccinia graminis f.sp. secalis@id=Puccinia graminis f.sp. secalis
Puccinia graminis f.sp. tritici@id=Puccinia graminis f.sp. tritici
Puccinia graminis subsp. graminicola@id=Puccinia graminis subsp. graminicola
Puccinia graminis subsp. graminis@id=Puccinia graminis subsp. graminis
Puccinia graminis subsp. lolii@id=Puccinia graminis subsp. lolii
Puccinia graminis subsp. major@id=Puccinia graminis subsp. major
Puccinia graminis subsp. media@id=Puccinia graminis subsp. media
Puccinia graminis subsp. minor@id=Puccinia graminis subsp. minor
Puccinia graminis var. calamagrostidi@id=Puccinia graminis var. calamagrostidi
Puccinia graminis var. erikssonii@id=Puccinia graminis var. erikssonii
Puccinia graminis var. graminis@id=Puccinia graminis var. graminis
Puccinia graminis var. lolii@id=Puccinia graminis var. lolii
Puccinia graminis var. phlei-pratensis@id=Puccinia graminis var. phlei-pratensis
Puccinia graminis var. stakmanii@id=Puccinia graminis var. stakmanii
Puccinia graminis var. tritici@id=Puccinia graminis var. tritici
Puccinia graminis var. vulpiae@id=Puccinia graminis var. vulpiae
Puccinia heimerliana@id=Puccinia heimerliana
Puccinia jubata@id=Puccinia jubata
Puccinia linearis@id=Puccinia linearis
Puccinia megalopotamica@id=Puccinia megalopotamica
Puccinia phlei-pratensis@id=Puccinia phlei-pratensis
Puccinia seslerie-coerulae@id=Puccinia seslerie-coerulae
Puccinia subandina@id=Puccinia subandina
Puccinia vilis@id=Puccinia vilis
Ug99@id=Ug99
Uredo deschampsiae-caespitosae@id=Uredo deschampsiae-caespitosae
Dasus macleayi@id=Dasus macleayi
Dociostaurus cruciatus@id=Dociostaurus cruciatus
Dociostaurus maroccanus degeneratus@id=Dociostaurus maroccanus degeneratus
Dociostaurus vastator@id=Dociostaurus vastator
Mediterranean locust@id=Mediterranean locust
Oedaleus infernalis pendulus@id=Oedaleus infernalis pendulus
Stauronotus cruciatus@id=Stauronotus cruciatus
Stauronotus maroccanus@id=Stauronotus maroccanus
Stauronotus vastator@id=Stauronotus vastator
Chenopodiastrum murale@id=Chenopodiastrum murale
Chenopodium lucidum@id=Chenopodium lucidum
Chenopodium morale@id=Chenopodium morale
nettle-leaved goosefoot@id=nettle-leaved goosefoot
American wheat weevil@id=American wheat weevil
Apate pusilla@id=Apate pusilla
Apate rufa@id=Apate rufa
Australian wheat weevil@id=Australian wheat weevil
Bostrychus moderatus@id=Bostrychus moderatus
Dinoderus frumentarius@id=Dinoderus frumentarius
Dinoderus pusillus@id=Dinoderus pusillus
Ptinus fissicornis@id=Ptinus fissicornis
Ptinus picus@id=Ptinus picus
Rhizopertha dominica@id=Rhizopertha dominica
Rhizopertha pusilla@id=Rhizopertha pusilla
Rhizopertha rufa@id=Rhizopertha rufa
Rhyzopertha pusilla@id=Rhyzopertha pusilla
small grain eater@id=small grain eater
stored grain borer@id=stored grain borer
Synodendron dominica@id=Synodendron dominica
Synodendron dominicum@id=Synodendron dominicum
Synodendron pusillum@id=Synodendron pusillum
Fusarium avenaceum@id=Fusarium avenaceum
Fusarium avenaceum f.sp. fabae@id=Fusarium avenaceum f.sp. fabae
Fusarium avenaceum subsp. aywerte@id=Fusarium avenaceum subsp. aywerte
Fusarium effusum@id=Fusarium effusum
Fusarium roseum avenaceum@id=Fusarium roseum avenaceum
Fusarium roseum var. avenaceum@id=Fusarium roseum var. avenaceum
birdseed@id=birdseed
common groundsel@id=common groundsel
grimsell@id=grimsell
grinning swallow@id=grinning swallow
grinsel@id=grinsel
grondiswil@id=grondiswil
ground glutton@id=ground glutton
groundiswel@id=groundiswel
groundiswelie@id=groundiswelie
groundiswell@id=groundiswell
groundsil@id=groundsil
groundswell@id=groundswell
groundswyle@id=groundswyle
groundwill@id=groundwill
grounsel@id=grounsel
grummel@id=grummel
grundieswallow@id=grundieswallow
grundsel@id=grundsel
grundy@id=grundy
grunistule@id=grunistule
grunithule@id=grunithule
grunnishule@id=grunnishule
grunsel@id=grunsel
grunsil@id=grunsil
grunswaithe@id=grunswaithe
old-man-of-spring@id=old-man-of-spring
ragwort@id=ragwort
sention@id=sention
simson@id=simson
swallow (plant)@id=swallow (plant)
Aphis graminum@id=Aphis graminum
greenbug@id=greenbug
Rhopalosiphum graminum@id=Rhopalosiphum graminum
Schizaphis gramina@id=Schizaphis gramina
spring grain aphid@id=spring grain aphid
spring wheat aphid@id=spring wheat aphid
Toxoptera graminum@id=Toxoptera graminum
wheat greenfly@id=wheat greenfly
wheat louse@id=wheat louse
Botryobasidium solani@id=Botryobasidium solani
Ceratobasidium filamentosum@id=Ceratobasidium filamentosum
Corticium areolatum@id=Corticium areolatum
Corticium microsclerotia@id=Corticium microsclerotia
Corticium microsclerotium@id=Corticium microsclerotium
Corticium praticola@id=Corticium praticola
Corticium sasaki@id=Corticium sasaki
Corticium sasakii@id=Corticium sasakii
Corticium solani@id=Corticium solani
Hypochnus aderholdii@id=Hypochnus aderholdii
Hypochnus cucumeris@id=Hypochnus cucumeris
Hypochnus filamentosus@id=Hypochnus filamentosus
Hypochnus sasakii@id=Hypochnus sasakii
Hypochnus solani@id=Hypochnus solani
Moniliopsis aderholdi@id=Moniliopsis aderholdi
Moniliopsis aderholdii@id=Moniliopsis aderholdii
Moniliopsis solani@id=Moniliopsis solani
Pellicularia filamentosa@id=Pellicularia filamentosa
Pellicularia filamentosa f. sasakii@id=Pellicularia filamentosa f. sasakii
Pellicularia sasakii@id=Pellicularia sasakii
Rhizoctonia aderholdi@id=Rhizoctonia aderholdi
Rhizoctonia aderholdii@id=Rhizoctonia aderholdii
Rhizoctonia macrosclerotia@id=Rhizoctonia macrosclerotia
Rhizoctonia microsclerotia@id=Rhizoctonia microsclerotia
Rhizoctonia praticola@id=Rhizoctonia praticola
Rhizoctonia solani@id=Rhizoctonia solani
Sclerotium irregulare@id=Sclerotium irregulare
Thanatephorus microsclerotium@id=Thanatephorus microsclerotium
Thanatephorus praticola@id=Thanatephorus praticola
Thanatephorus sasaki@id=Thanatephorus sasaki
Thanatephorus sasakii@id=Thanatephorus sasakii
Curtilla gryllotalpa@id=Curtilla gryllotalpa
Gryllotalpa vulgaris@id=Gryllotalpa vulgaris
Gryllus gryllotalpus@id=Gryllus gryllotalpus
jarr worm@id=jarr worm
mason beetle@id=mason beetle
Adventina parviflora@id=Adventina parviflora
Baziasa microglossa@id=Baziasa microglossa
chick weed@id=chick weed
French soldier@id=French soldier
Galinsoga hirsuta@id=Galinsoga hirsuta
Galinsoga laciniata@id=Galinsoga laciniata
Galinsoga quinqueradiata@id=Galinsoga quinqueradiata
Galinsoga semicalva@id=Galinsoga semicalva
kew weed@id=kew weed
quick weed@id=quick weed
Sabazia microglossa@id=Sabazia microglossa
small-flower galinsoga@id=small-flower galinsoga
Stemmatella sodiroi@id=Stemmatella sodiroi
Tridax parviflora@id=Tridax parviflora
Viborgia acmella@id=Viborgia acmella
Vigolina acmella@id=Vigolina acmella
Wiborgia acmella@id=Wiborgia acmella
Wiborgia parviflora@id=Wiborgia parviflora
yellow weed@id=yellow weed
Balclutha mbila@id=Balclutha mbila
Aphis bituberculata@id=Aphis bituberculata
Aphis prunicolens@id=Aphis prunicolens
Aphis scotti@id=Aphis scotti
Aphis setariae@id=Aphis setariae
brown grass aphid@id=brown grass aphid
brown sugarcane aphid@id=brown sugarcane aphid
Carolinaia bituberculata@id=Carolinaia bituberculata
Carolinaia setariae@id=Carolinaia setariae
Heteroneura setariae@id=Heteroneura setariae
Hysteroneura bituberculata@id=Hysteroneura bituberculata
Hysteroneura oglobini@id=Hysteroneura oglobini
Ine shima-ha gare uirusu virus@id=Ine shima-ha gare uirusu virus
leaf-stitcher@id=leaf-stitcher
maize leaf caterpillar@id=maize leaf caterpillar
Neomarasmia trapezalis@id=Neomarasmia trapezalis
Salbia trapezalis@id=Salbia trapezalis
Chinese armyworm@id=Chinese armyworm
Cirphis separata@id=Cirphis separata
cosmopolitan armyworm@id=cosmopolitan armyworm
ear-eating caterpillar@id=ear-eating caterpillar
Leucania consimilis@id=Leucania consimilis
Leucania separata@id=Leucania separata
Oriental armyworm@id=Oriental armyworm
paddy climbing armyworm@id=paddy climbing armyworm
Pseudaletia separata@id=Pseudaletia separata
rice climbing armyworm@id=rice climbing armyworm
Claviceps microcephala@id=Claviceps microcephala
Claviceps sesleriae@id=Claviceps sesleriae
Sphacelia segetum@id=Sphacelia segetum
harvester termite@id=harvester termite
Macrohodotermes mossambicus@id=Macrohodotermes mossambicus
Pythium splendens@id=Pythium splendens
Tilletia aegilopsidis@id=Tilletia aegilopsidis
Tilletia brevifaciens@id=Tilletia brevifaciens
Tilletia contraversa@id=Tilletia contraversa
Tilletia nanifica@id=Tilletia nanifica
Tilletia tritici-nanifica@id=Tilletia tritici-nanifica
Soil-borne wheat green mosaic virus@id=Soil-borne wheat green mosaic virus
soil-borne wheat mosaic furovirus@id=soil-borne wheat mosaic furovirus
Wheat mosaic virus@id=Wheat mosaic virus
Wheat rosette mosaic virus@id=Wheat rosette mosaic virus
Wheat soil-borne mosaic furovirus@id=Wheat soil-borne mosaic furovirus
Wheat soil-borne mosaic virus@id=Wheat soil-borne mosaic virus
Wheat soilborne mosaic virus@id=Wheat soilborne mosaic virus
henbane@id=henbane
Hyoscyamus agrestis@id=Hyoscyamus agrestis
Hyoscyamus bohemicus@id=Hyoscyamus bohemicus
Hyoscyamus pallidus@id=Hyoscyamus pallidus
Cardaria draba@id=Cardaria draba
heart-podded hoary cress@id=heart-podded hoary cress
hoary cardaria@id=hoary cardaria
perennial pepper grass@id=perennial pepper grass
thanet cress@id=thanet cress
white top@id=white top
Botys sticticalis@id=Botys sticticalis
Eurycreon sticticalis@id=Eurycreon sticticalis
Margaritia sticticalis@id=Margaritia sticticalis
meadow moth@id=meadow moth
Parasitochroa sticticalis@id=Parasitochroa sticticalis
Phalaena sticticalis@id=Phalaena sticticalis
Phlyctaenodes sticticalis@id=Phlyctaenodes sticticalis
Pyrausta sticticalis@id=Pyrausta sticticalis
steppe caterpillar@id=steppe caterpillar
sugarbeet webworm@id=sugarbeet webworm
Aegilops saccharinum@id=Aegilops saccharinum
beach wire grass@id=beach wire grass
Chloris mucronata@id=Chloris mucronata
coast button grass@id=coast button grass
crow's foot@id=crow's foot
Cynosurus aegyptius@id=Cynosurus aegyptius
Cynosurus carolinianus@id=Cynosurus carolinianus
Cynosurus distachyos@id=Cynosurus distachyos
Dactyloctenium aegyptium var. mucronatum@id=Dactyloctenium aegyptium var. mucronatum
Dactyloctenium distachyum@id=Dactyloctenium distachyum
Dactyloctenium meridionale@id=Dactyloctenium meridionale
Eleusine aegyptia@id=Eleusine aegyptia
Eleusine aegyptiaca@id=Eleusine aegyptiaca
Eleusine aegyptica@id=Eleusine aegyptica
Eleusine cruciata@id=Eleusine cruciata
Eleusine egyptia@id=Eleusine egyptia
Eleusine pectinata@id=Eleusine pectinata
barley stem maggot@id=barley stem maggot
Chlorops hordei@id=Chlorops hordei
wheat thigh chloropid fly@id=wheat thigh chloropid fly
Abcrana@id=Abcrana
Ancylonycha@id=Ancylonycha
Anomalochela@id=Anomalochela
Clemora@id=Clemora
Cnemarachis@id=Cnemarachis
Enarioidea@id=Enarioidea
Endrosa@id=Endrosa
Eugastra@id=Eugastra
Gynnis@id=Gynnis
Hippotrichia@id=Hippotrichia
Miridiba@id=Miridiba
Neodontocnema@id=Neodontocnema
Neolepidiota@id=Neolepidiota
Stenothorax@id=Stenothorax
Triodonyx@id=Triodonyx
Puccinia glumarum@id=Puccinia glumarum
Puccinia rubigo-vera tritici@id=Puccinia rubigo-vera tritici
Puccinia rubigo-vera var. tritici@id=Puccinia rubigo-vera var. tritici
Puccinia straminis@id=Puccinia straminis
Puccinia striiformis f. tritici@id=Puccinia striiformis f. tritici
Puccinia striiformoides@id=Puccinia striiformoides
Puccinia tritici@id=Puccinia tritici
Trichobasis glumarum@id=Trichobasis glumarum
Uredo glumarum@id=Uredo glumarum
rice black-streaked dwarf fijivirus@id=rice black-streaked dwarf fijivirus
Rice black streak virus@id=Rice black streak virus
Rice streak (dwarf) virus@id=Rice streak (dwarf) virus
Rice black streaked dwarf virus@id=Rice black streaked dwarf virus
Leptosphaeria nodorum@id=Leptosphaeria nodorum
Phoma hennebergii@id=Phoma hennebergii
Septoria glumarum@id=Septoria glumarum
Septoria nodorum@id=Septoria nodorum
Stagonospora nodorum@id=Stagonospora nodorum
radish flea beetle@id=radish flea beetle
radish striped flea beetle@id=radish striped flea beetle
Chloris repens@id=Chloris repens
crab grass@id=crab grass
Cynodon indicus@id=Cynodon indicus
Cynosurus indicus@id=Cynosurus indicus
dutch grass@id=dutch grass
Eleusine distans@id=Eleusine distans
Eleusine domingensis@id=Eleusine domingensis
Eleusine glabra@id=Eleusine glabra
Eleusine textilis@id=Eleusine textilis
fowlfoot grass@id=fowlfoot grass
ox grass@id=ox grass
wild finger millet@id=wild finger millet
wire grass@id=wire grass
yard grass@id=yard grass
barooga weed@id=barooga weed
caterpillar weed@id=caterpillar weed
European heliotrope@id=European heliotrope
European turnsole@id=European turnsole
heliotrope@id=heliotrope
Heliotropium carduchorum@id=Heliotropium carduchorum
Heliotropium commutatum@id=Heliotropium commutatum
Heliotropium incanescens@id=Heliotropium incanescens
Heliotropium stevenianum@id=Heliotropium stevenianum
turnsole@id=turnsole
wanderie curse@id=wanderie curse
burning nettle@id=burning nettle
bush stinging nettle@id=bush stinging nettle
dognettle@id=dognettle
dwarf nettle@id=dwarf nettle
dwarf stinging nettle@id=dwarf stinging nettle
small nettle@id=small nettle
Urtica minor@id=Urtica minor
Urtica trianae@id=Urtica trianae
Adelphocoris binotata@id=Adelphocoris binotata
Adelphocoris chenopodi@id=Adelphocoris chenopodi
Adelphocoris chenopodii@id=Adelphocoris chenopodii
Adelphocoris italica@id=Adelphocoris italica
Adelphocoris lineolatus baltrumensis@id=Adelphocoris lineolatus baltrumensis
Adelphocoris lineolatus binotatus@id=Adelphocoris lineolatus binotatus
Adelphocoris lineolatus bisbipunctata@id=Adelphocoris lineolatus bisbipunctata
alfalfa plant bug@id=alfalfa plant bug
Calocoris chenopodi@id=Calocoris chenopodi
Calocoris chenopodii@id=Calocoris chenopodii
Calocoris chenopodii implagiata@id=Calocoris chenopodii implagiata
Calocoris chenopodii lineolatus@id=Calocoris chenopodii lineolatus
Calocoris lineolatus bisbipunctatus@id=Calocoris lineolatus bisbipunctatus
Capsus brevicollis@id=Capsus brevicollis
Cimex albinus@id=Cimex albinus
Cimex lineolatus@id=Cimex lineolatus
Lygaeus chenopodii@id=Lygaeus chenopodii
Chlorops kuwanae@id=Chlorops kuwanae
rice gout fly@id=rice gout fly
Botys acerrimalis@id=Botys acerrimalis
Botys fasciculatalis@id=Botys fasciculatalis
Botys iolealis@id=Botys iolealis
Botys nurscialis@id=Botys nurscialis
Botys rutilalis@id=Botys rutilalis
Cnaphalocerus medinalis@id=Cnaphalocerus medinalis
Cnaphalocrocis iolealis@id=Cnaphalocrocis iolealis
Cnaphalocrocis jolinalis@id=Cnaphalocrocis jolinalis
grass leafroller@id=grass leafroller
Marasmia medinalis castensziana@id=Marasmia medinalis castensziana
Salbia medinalis@id=Salbia medinalis
Argyria polychrysa@id=Argyria polychrysa
Chilo polychrysa@id=Chilo polychrysa
Chilotraea polychrysa@id=Chilotraea polychrysa
dark-headed rice borer@id=dark-headed rice borer
dark-headed rice stem borer@id=dark-headed rice stem borer
Diatraea polychrysa@id=Diatraea polychrysa
Proceras polychrysa@id=Proceras polychrysa
Proceras polychrysus@id=Proceras polychrysus
stem borer of maize@id=stem borer of maize
stem borer of paddy@id=stem borer of paddy
stem borer of sugarcane@id=stem borer of sugarcane
Chinese rice grasshopper@id=Chinese rice grasshopper
Oxya adentata@id=Oxya adentata
Oxya shanghaiensis@id=Oxya shanghaiensis
Oxya velox chinensis@id=Oxya velox chinensis
Oxya vicina@id=Oxya vicina
sugarcane grasshopper@id=sugarcane grasshopper
alfalfa worm@id=alfalfa worm
buckworm@id=buckworm
Caradrina frugiperda@id=Caradrina frugiperda
corn budworm@id=corn budworm
corn leafworm@id=corn leafworm
daggy's corn worm@id=daggy's corn worm
grass caterpillar@id=grass caterpillar
grass worm@id=grass worm
Laphygma frugiperda@id=Laphygma frugiperda
Laphygma inepta@id=Laphygma inepta
Laphygma macra@id=Laphygma macra
maize budworm@id=maize budworm
Noctua frugiperda@id=Noctua frugiperda
Phalaena frugiperda@id=Phalaena frugiperda
Prodenia autumnalis@id=Prodenia autumnalis
Prodenia plagiata@id=Prodenia plagiata
Prodenia signifera@id=Prodenia signifera
rice caterpillar@id=rice caterpillar
southern grassworm@id=southern grassworm
Trigonophora frugiperda@id=Trigonophora frugiperda
whorlworm@id=whorlworm
Hydrellia chinensis@id=Hydrellia chinensis
Hydrellia scapularis@id=Hydrellia scapularis
Hydrellia sinica@id=Hydrellia sinica
Hydropota griseola@id=Hydropota griseola
Notiphila griseola@id=Notiphila griseola
Melilotus arvensis@id=Melilotus arvensis
barley midge@id=barley midge
Cecidomyia destructor@id=Cecidomyia destructor
Cecidomyia frumentaria@id=Cecidomyia frumentaria
Chortomyia secalina@id=Chortomyia secalina
Mayetiola mimeuri@id=Mayetiola mimeuri
Mayetiola secalis@id=Mayetiola secalis
Phytophaga cerealis@id=Phytophaga cerealis
Phytophaga destructor@id=Phytophaga destructor
Lachnosterna diomphalia@id=Lachnosterna diomphalia
Fusarium culmorum f. 1@id=Fusarium culmorum f. 1
Fusarium culmorum var. leteius@id=Fusarium culmorum var. leteius
Fusarium culmorum var. majus@id=Fusarium culmorum var. majus
Fusarium roseum cv. 'Culmorum'@id=Fusarium roseum cv. 'Culmorum'
Fusarium roseum f.sp. cerealis culmorum@id=Fusarium roseum f.sp. cerealis culmorum
Fusarium roseum f.sp. cerealis cv. 'Culmorum'@id=Fusarium roseum f.sp. cerealis cv. 'Culmorum'
Fusarium roseum var. culmorum@id=Fusarium roseum var. culmorum
Fusisporium culmorum@id=Fusisporium culmorum
dust louse@id=dust louse
Liposcelis bostrychophilus@id=Liposcelis bostrychophilus
Liposcelis divergens@id=Liposcelis divergens
Liposcelis granicola@id=Liposcelis granicola
psocid@id=psocid
Troctes bostrychophilus@id=Troctes bostrychophilus
Fusarium roseum@id=Fusarium roseum
Fusarium sambucinum@id=Fusarium sambucinum
Gibberella cyanogea@id=Gibberella cyanogea
Sphaeria pulicaris@id=Sphaeria pulicaris
couch paspalum@id=couch paspalum
devil's grass@id=devil's grass
ditch grass@id=ditch grass
eternity grass@id=eternity grass
ginger grass@id=ginger grass
joint grass@id=joint grass
knot grass@id=knot grass
mercer grass@id=mercer grass
Paspalum digitaria@id=Paspalum digitaria
Paspalum paspalodes@id=Paspalum paspalodes
seaside millet@id=seaside millet
silt grass@id=silt grass
Thompson grass@id=Thompson grass
victoria grass@id=victoria grass
water couch@id=water couch
water finger grass@id=water finger grass
water wire grass@id=water wire grass
Cimex smaragdulus@id=Cimex smaragdulus
Cimex torquatus@id=Cimex torquatus
Cimex viridulus@id=Cimex viridulus
green shield bug@id=green shield bug
green vegetable bug@id=green vegetable bug
Nezara approximata@id=Nezara approximata
Nezara aurantiaca@id=Nezara aurantiaca
southern green stink bug@id=southern green stink bug
tomato and bean bug@id=tomato and bean bug
Uredo caries@id=Uredo caries
Tilletia caries@id=Tilletia caries
Cryptolestes minutus@id=Cryptolestes minutus
Cucujus minutus@id=Cucujus minutus
Cucujus pusillus@id=Cucujus pusillus
Cucujus testaceus@id=Cucujus testaceus
Laemophloeus brevis@id=Laemophloeus brevis
Laemophloeus crassicornis@id=Laemophloeus crassicornis
Laemophloeus longicornis@id=Laemophloeus longicornis
Laemophloeus minutus@id=Laemophloeus minutus
Laemophloeus parallelus@id=Laemophloeus parallelus
Laemophloeus pauper@id=Laemophloeus pauper
Laemophloeus puberulus@id=Laemophloeus puberulus
Laemophloeus pusillus@id=Laemophloeus pusillus
Aceria tritici@id=Aceria tritici
wheat streak mosaic mite@id=wheat streak mosaic mite
Alucita cerealella@id=Alucita cerealella
Anacampsis cerealella@id=Anacampsis cerealella
angoumois grain moth@id=angoumois grain moth
Gelechia cerealella@id=Gelechia cerealella
Gelechia pyrophagellas@id=Gelechia pyrophagellas
rice grain moth@id=rice grain moth
Megaloceraea coelestialium@id=Megaloceraea coelestialium
rice leafbug@id=rice leafbug
Anerastia lineata@id=Anerastia lineata
Corcyra oeconomellus@id=Corcyra oeconomellus
Corcyra theobromae@id=Corcyra theobromae
Corcyra translineella@id=Corcyra translineella
Melissoblaptes cephalonica@id=Melissoblaptes cephalonica
Melissoblaptes oeconomellus@id=Melissoblaptes oeconomellus
rice moth@id=rice moth
Tineopsis theobromae@id=Tineopsis theobromae
Helicotylenchus phalerus@id=Helicotylenchus phalerus
robust spiral nematode@id=robust spiral nematode
Tylenchorhynchus robustus var. pseudorobustus@id=Tylenchorhynchus robustus var. pseudorobustus
Tylenchus pseudorobustus@id=Tylenchus pseudorobustus
Bidera avenae@id=Bidera avenae
Bidera iri@id=Bidera iri
Bidera ustinovi@id=Bidera ustinovi
cereal cyst nematode@id=cereal cyst nematode
Heterodera iri@id=Heterodera iri
Heterodera major@id=Heterodera major
Heterodera schachtii maior@id=Heterodera schachtii maior
Heterodera schachtii major@id=Heterodera schachtii major
Heterodera schachtii var. avenae@id=Heterodera schachtii var. avenae
Heterodera ustinovi@id=Heterodera ustinovi
oat cyst nematode@id=oat cyst nematode
oat root eelworm@id=oat root eelworm
Miris calcaratus@id=Miris calcaratus
Stenodema calcarata@id=Stenodema calcarata
Anguillula devastatrix@id=Anguillula devastatrix
Anguillula dipsaci@id=Anguillula dipsaci
Anguillula secalis@id=Anguillula secalis
Anguillulina dipsaci@id=Anguillulina dipsaci
Anguillulina dipsaci var. communis@id=Anguillulina dipsaci var. communis
Anguina dipsaci@id=Anguina dipsaci
brown ring disease of hyacinth@id=brown ring disease of hyacinth
bulb eelworm@id=bulb eelworm
Ditylenchus allocotus@id=Ditylenchus allocotus
Ditylenchus amsinckiae@id=Ditylenchus amsinckiae
Ditylenchus dipsaci var. tobaensis@id=Ditylenchus dipsaci var. tobaensis
Ditylenchus falcariae@id=Ditylenchus falcariae
Ditylenchus fragariae@id=Ditylenchus fragariae
Ditylenchus phloxidis@id=Ditylenchus phloxidis
Ditylenchus sonchophila@id=Ditylenchus sonchophila
Ditylenchus trifolii@id=Ditylenchus trifolii
onion bloat@id=onion bloat
ring disease of bulbs@id=ring disease of bulbs
Tylenchus allii@id=Tylenchus allii
Tylenchus devastator@id=Tylenchus devastator
Tylenchus devastatrix@id=Tylenchus devastatrix
Tylenchus dipsaci@id=Tylenchus dipsaci
Tylenchus havensteini@id=Tylenchus havensteini
Tylenchus havensteinii@id=Tylenchus havensteinii
Tylenchus hyacinthi@id=Tylenchus hyacinthi
Tylenchus putrefaciens@id=Tylenchus putrefaciens
red grass thrips@id=red grass thrips
Alopecurus agrestis@id=Alopecurus agrestis
black grass@id=black grass
black twitch@id=black twitch
slender foxtail@id=slender foxtail
slender meadow foxtail@id=slender meadow foxtail
Astatus cinctus@id=Astatus cinctus
Astatus occidentalis@id=Astatus occidentalis
Cephus cinchis@id=Cephus cinchis
Cephus hyalinatus@id=Cephus hyalinatus
Cephus occidentalis@id=Cephus occidentalis
Aplanobacter rhaponticum@id=Aplanobacter rhaponticum
Bacillus rhapontici@id=Bacillus rhapontici
Bacterium rhapontici@id=Bacterium rhapontici
Bacterium rhaponticum@id=Bacterium rhaponticum
Erwinia carotovora var. rhapontici@id=Erwinia carotovora var. rhapontici
Pectobacterium rhapontici@id=Pectobacterium rhapontici
Phytomonas rhapontica@id=Phytomonas rhapontica
Phytomonas rhapontici@id=Phytomonas rhapontici
Pseudobacterium rhapontici@id=Pseudobacterium rhapontici
Rathayibacter rhapontici@id=Rathayibacter rhapontici
Xanthomonas rhapontici@id=Xanthomonas rhapontici
Cecidomyia tritici@id=Cecidomyia tritici
Contarinia aurantiaca@id=Contarinia aurantiaca
Contarinia venturii@id=Contarinia venturii
Diplosis tritici@id=Diplosis tritici
Itonida tritici@id=Itonida tritici
lemon wheat blossom midge@id=lemon wheat blossom midge
Mayetiola tritici@id=Mayetiola tritici
Aphis crataegella@id=Aphis crataegella
Aphis edentula@id=Aphis edentula
Aphis fitchi@id=Aphis fitchi
Aphis fitchii@id=Aphis fitchii
Aphis insertum@id=Aphis insertum
Aphis mactata@id=Aphis mactata
apple-grain aphid@id=apple-grain aphid
Rhopalosiphum crataegellum@id=Rhopalosiphum crataegellum
Rhopalosiphum sanguinarium@id=Rhopalosiphum sanguinarium
Rhopalosiphum viridis@id=Rhopalosiphum viridis
Fusarium graminearum@id=Fusarium graminearum
Fusarium roseum f.sp. cerealis@id=Fusarium roseum f.sp. cerealis
Fusarium roseum var. graminearum@id=Fusarium roseum var. graminearum
Gibbera saubinettii@id=Gibbera saubinettii
Gibberella saubinetii@id=Gibberella saubinetii
Gibberella saubinetti@id=Gibberella saubinetti
Phradonoma variabile@id=Phradonoma variabile
Trogoderma brevis@id=Trogoderma brevis
Trogoderma parabile@id=Trogoderma parabile
Trogoderma persica@id=Trogoderma persica
Trogoderma persicum@id=Trogoderma persicum
Trogoderma scabripennis@id=Trogoderma scabripennis
Trogoderma versicolor var. turkestanicum@id=Trogoderma versicolor var. turkestanicum
warehouse grain beetle@id=warehouse grain beetle
Trachea tokionis@id=Trachea tokionis
Avena cultiformis@id=Avena cultiformis
Avena pilosa@id=Avena pilosa
common wild oat@id=common wild oat
Anguillula tritici@id=Anguillula tritici
Anguillulina tritici@id=Anguillulina tritici
bunted wheat@id=bunted wheat
cockle wheat@id=cockle wheat
earcockles@id=earcockles
eelworm disease@id=eelworm disease
hard smut@id=hard smut
purples@id=purples
Rhabditis tritici@id=Rhabditis tritici
Tylenchus scandens@id=Tylenchus scandens
Tylenchus tritici@id=Tylenchus tritici
Vibrio tritici@id=Vibrio tritici
wheat nematode@id=wheat nematode
wheatgall nematode@id=wheatgall nematode
Amblycephalus spectra@id=Amblycephalus spectra
Cicadella spectra@id=Cicadella spectra
Tettigella albida@id=Tettigella albida
Tettigella spectra@id=Tettigella spectra
Tettigonia spectra@id=Tettigonia spectra
Tettigoniella albida@id=Tettigoniella albida
Tettigoniella spectra@id=Tettigoniella spectra
white paddy leafhopper@id=white paddy leafhopper
white rice leafhopper@id=white rice leafhopper
Aserica orientalis@id=Aserica orientalis
black velvety chafer@id=black velvety chafer
Serica orientalis@id=Serica orientalis
Polycystis agropyri@id=Polycystis agropyri
Tuburcinia agropyri@id=Tuburcinia agropyri
Tuburcinia agropyri-campestris@id=Tuburcinia agropyri-campestris
Tuburcinia occulta var. agropyri@id=Tuburcinia occulta var. agropyri
Turbucinia agropyri@id=Turbucinia agropyri
Uredo agropyri@id=Uredo agropyri
Urocystis agropyri-campestris@id=Urocystis agropyri-campestris
Urocystis preussii@id=Urocystis preussii
Acyrthosiphon festucae@id=Acyrthosiphon festucae
Goidanichiellum festucae@id=Goidanichiellum festucae
grass aphid@id=grass aphid
Macrosiphum festucae@id=Macrosiphum festucae
Macrosiphum myrmecophilum@id=Macrosiphum myrmecophilum
Metopolophium myrmecophilum@id=Metopolophium myrmecophilum
Myzus festucae@id=Myzus festucae
Rhodobium festucae@id=Rhodobium festucae
Subacyrthosiphon festucae@id=Subacyrthosiphon festucae
Curtilla africana@id=Curtilla africana
Gryllotalpa fossor@id=Gryllotalpa fossor
Gryllotalpa monanka@id=Gryllotalpa monanka
Gryllotalpa orientalis@id=Gryllotalpa orientalis
small mole cricket@id=small mole cricket
black sand mite@id=black sand mite
Penthaleus destructor@id=Penthaleus destructor
red-legged velvet earth mite@id=red-legged velvet earth mite
Dicladispa aenescens@id=Dicladispa aenescens
Dicladispa armigera subsp. boutani@id=Dicladispa armigera subsp. boutani
Dicladispa armigera subsp. similis@id=Dicladispa armigera subsp. similis
Dicladispa armigera subsp. yunnanica@id=Dicladispa armigera subsp. yunnanica
Dicladispa similis@id=Dicladispa similis
Hispa aenescens@id=Hispa aenescens
Hispa armigera@id=Hispa armigera
Hispa similis@id=Hispa similis
paddy hispa@id=paddy hispa
paddy hispid@id=paddy hispid
rice hispid@id=rice hispid
rice leaf beetle@id=rice leaf beetle
Ophiobolus graminis var. tritici@id=Ophiobolus graminis var. tritici
Rhaphidophora graminis@id=Rhaphidophora graminis
alibangon@id=alibangon
Commelina agraria@id=Commelina agraria
Commelina aquatica@id=Commelina aquatica
Commelina longicaulis@id=Commelina longicaulis
Commelina prostrata@id=Commelina prostrata
dayflower@id=dayflower
french weed@id=french weed
pond grass@id=pond grass
Dermestes surinamensis@id=Dermestes surinamensis
sawtoothed grain beetle@id=sawtoothed grain beetle
Silvanus surinamensis@id=Silvanus surinamensis
Sitophilus surinamensis@id=Sitophilus surinamensis
Sylvanus signatus@id=Sylvanus signatus
Sylvanus surinamensis@id=Sylvanus surinamensis
Drechslera victoriae@id=Drechslera victoriae
Helminthosporium victoriae@id=Helminthosporium victoriae
Cochliobolus victoriae@id=Cochliobolus victoriae
American armyworm@id=American armyworm
American wainscot@id=American wainscot
Cirphis unipuncta@id=Cirphis unipuncta
Heliophila unipuncta@id=Heliophila unipuncta
Leucania antica@id=Leucania antica
Leucania extranea@id=Leucania extranea
Leucania saccharivora@id=Leucania saccharivora
Leucania unipuncta@id=Leucania unipuncta
Leucania unipuncta tseki@id=Leucania unipuncta tseki
Noctua unipuncta@id=Noctua unipuncta
Pseudaletia unipuncta@id=Pseudaletia unipuncta
Pseudaletia unipuncta quecha@id=Pseudaletia unipuncta quecha
Siderides unipuncta@id=Siderides unipuncta
Sideridis unipuncta@id=Sideridis unipuncta
white-speck@id=white-speck
Acarus putrescentiae@id=Acarus putrescentiae
copra itch mite@id=copra itch mite
copra mite@id=copra mite
ham mite@id=ham mite
mill mite@id=mill mite
mold mite@id=mold mite
mould mite@id=mould mite
Tyroglyphus americanus@id=Tyroglyphus americanus
Tyroglyphus castellanii@id=Tyroglyphus castellanii
Tyroglyphus lintneri@id=Tyroglyphus lintneri
Tyroglyphus muscae@id=Tyroglyphus muscae
Tyroglyphus nadinus@id=Tyroglyphus nadinus
Tyroglyphus putrescentiae@id=Tyroglyphus putrescentiae
Tyrophagus brauni@id=Tyrophagus brauni
Tyrophagus bulleri@id=Tyrophagus bulleri
Tyrophagus castellanii@id=Tyrophagus castellanii
Tyrophagus lintneri@id=Tyrophagus lintneri
Tyrophagus longior var. castellanii@id=Tyrophagus longior var. castellanii
Tyrophagus noxius@id=Tyrophagus noxius
Brevinema (Longidoridae)@id=Brevinema (Longidoridae)
Neolongidorus@id=Neolongidorus
Heterosporium@id=Heterosporium
Echinochloa hoja blanca virus@id=Echinochloa hoja blanca virus
rice hoja blanca tenuivirus@id=rice hoja blanca tenuivirus
Rice white leaf virus@id=Rice white leaf virus
Agropyron arundinaceum@id=Agropyron arundinaceum
Agropyron repens@id=Agropyron repens
Agropyron vaillantianum@id=Agropyron vaillantianum
Bromus villosus@id=Bromus villosus
couch@id=couch
couch grass@id=couch grass
coutch@id=coutch
dog grass@id=dog grass
Elymus vaillantianus@id=Elymus vaillantianus
Elytrigia repens@id=Elytrigia repens
Elytrigia vaillantiana@id=Elytrigia vaillantiana
quack grass@id=quack grass
scutch@id=scutch
Triticum arundinaceum@id=Triticum arundinaceum
Triticum repens@id=Triticum repens
Triticum vaillantianum@id=Triticum vaillantianum
twitch grass@id=twitch grass
Zeia repens@id=Zeia repens
Colorado corn rootworm@id=Colorado corn rootworm
Diabrotica filicornis@id=Diabrotica filicornis
Diabrotica virgifera var. filicornis@id=Diabrotica virgifera var. filicornis
Anobium paniceum@id=Anobium paniceum
bread beetle@id=bread beetle
Sitodrepa panicea@id=Sitodrepa panicea
Acavus adspersa@id=Acavus adspersa
brown garden snail@id=brown garden snail
brown snail@id=brown snail
brown vineyard snail@id=brown vineyard snail
Cantareus aspersus@id=Cantareus aspersus
Cochlea restitutoris@id=Cochlea restitutoris
Cochlea vulgaris@id=Cochlea vulgaris
Coenatoria aspersa@id=Coenatoria aspersa
common snail@id=common snail
Cornu aspersa@id=Cornu aspersa
Cornu aspersum aspersum@id=Cornu aspersum aspersum
Cornu copioe@id=Cornu copioe
Cornucopia helicina@id=Cornucopia helicina
Cryptomphalus aspersus@id=Cryptomphalus aspersus
European brown snail@id=European brown snail
garden snail@id=garden snail
Helix aspera@id=Helix aspera
Helix aspersa@id=Helix aspersa
Helix aspersus@id=Helix aspersus
Helix depressa@id=Helix depressa
Helix fluminensis@id=Helix fluminensis
Helix grisea@id=Helix grisea
Helix lucorum@id=Helix lucorum
Helix minor@id=Helix minor
Helix rufescens@id=Helix rufescens
Helix secunda@id=Helix secunda
Helix solidissima@id=Helix solidissima
Helix spumosa@id=Helix spumosa
Helix variegata@id=Helix variegata
Pomatia aspersa@id=Pomatia aspersa
small grey snail@id=small grey snail
cadelle beetle@id=cadelle beetle
Tenebrio mauritanicus@id=Tenebrio mauritanicus
Trogosita mauritanica@id=Trogosita mauritanica
Nozemia macrospora@id=Nozemia macrospora
Phytophthora macrospora@id=Phytophthora macrospora
Sclerospora kriegeriana@id=Sclerospora kriegeriana
Sclerospora macrospora@id=Sclerospora macrospora
Sclerospora oryzae@id=Sclerospora oryzae
Pleospora infectoria@id=Pleospora infectoria
Fusarium moniliforme@id=Fusarium moniliforme
Fusarium verticillioides@id=Fusarium verticillioides
Fusarium verticilloides@id=Fusarium verticilloides
Gibberella fujikuroi var. moniliformis@id=Gibberella fujikuroi var. moniliformis
Gibberella moniliforme@id=Gibberella moniliforme
Gibberella moniliformis@id=Gibberella moniliformis
Lisea fujikuroi@id=Lisea fujikuroi
Oospora verticillioides@id=Oospora verticillioides
Cephalosporium proliferatum@id=Cephalosporium proliferatum
Fusarium moniliforme var. intermedium@id=Fusarium moniliforme var. intermedium
Fusarium proliferatum var. proliferatum@id=Fusarium proliferatum var. proliferatum
Aphis convolvuli@id=Aphis convolvuli
Aphis derelicta@id=Aphis derelicta
Aphis dubia@id=Aphis dubia
Aphis egressa@id=Aphis egressa
Aphis malvae@id=Aphis malvae
Aphis persola@id=Aphis persola
Aphis rapae@id=Aphis rapae
green sesame aphid@id=green sesame aphid
Myzodes persicae@id=Myzodes persicae
Myzus malvae@id=Myzus malvae
Myzus nicotianae@id=Myzus nicotianae
Myzus pergandei@id=Myzus pergandei
Myzus persicae var. cerastii@id=Myzus persicae var. cerastii
Myzus persicae var. sanguisorbella@id=Myzus persicae var. sanguisorbella
Myzus persieae@id=Myzus persieae
Nectarosiphon persicae@id=Nectarosiphon persicae
peach-potato aphid@id=peach-potato aphid
Phorodon cynoglossi@id=Phorodon cynoglossi
Rhopalosiphum calthae@id=Rhopalosiphum calthae
Rhopalosiphum tuberosellae@id=Rhopalosiphum tuberosellae
Rhopalosiphum tulipae@id=Rhopalosiphum tulipae
Siphonophora nasturtii@id=Siphonophora nasturtii
tobacco aphid@id=tobacco aphid
cereal ladybird@id=cereal ladybird
Epilachna similis@id=Epilachna similis
maize ladybird beetle@id=maize ladybird beetle
tef epilachna@id=tef epilachna
house mouse@id=house mouse
Mus castaneus@id=Mus castaneus
Mus domesticus@id=Mus domesticus
Mus molossinus@id=Mus molossinus
Mus poschiavinus@id=Mus poschiavinus
Mus musculus@id=Mus musculus
