orange wheat blossom midge@id=orange wheat blossom midge
wheat streak@id=wheat streak
blackberry cereal aphid@id=blackberry cereal aphid
prairie dog@id=prairie dog
red stalk rot of cereals@id=red stalk rot of cereals
glume blight@id=glume blight
migratory locust@id=migratory locust
garden spurge@id=garden spurge
purslane@id=purslane
white grub@id=white grub
longheaded flour beetle@id=longheaded flour beetle
soft brome@id=soft brome
rice root aphid@id=rice root aphid
greater sugarcane borer@id=greater sugarcane borer
yellow sugarcane aphid@id=yellow sugarcane aphid
head mould of grasses, rice and sorghum@id=head mould of grasses, rice and sorghum
grain psocid@id=grain psocid
green corn aphid@id=green corn aphid
seedling blight of grasses@id=seedling blight of grasses
purple nutsedge@id=purple nutsedge
grass cyst nematode@id=grass cyst nematode
grain psocid@id=grain psocid
small brown planthopper@id=small brown planthopper
hairy fungus beetle@id=hairy fungus beetle
cotton bollworm@id=cotton bollworm
mole cricket@id=mole cricket
stubby root nematode@id=stubby root nematode
cotton tipworm@id=cotton tipworm
European meal worm@id=European meal worm
little ironweed@id=little ironweed
grain aphid@id=grain aphid
red flour beetle@id=red flour beetle
lesser grain weevil@id=lesser grain weevil
Aspergillus ear rot@id=Aspergillus ear rot
rusty grain beetle@id=rusty grain beetle
white-backed planthopper@id=white-backed planthopper
armyworm@id=armyworm
grass thrips@id=grass thrips
streak disease of maize@id=streak disease of maize
damping-off of safflower@id=damping-off of safflower
bacterial leaf streak of grasses@id=bacterial leaf streak of grasses
kernel rot of maize@id=kernel rot of maize
greater grain weevil@id=greater grain weevil
Mediterranean flour moth@id=Mediterranean flour moth
eye spot@id=eye spot
bindweed@id=bindweed
lesser corn stalk borer@id=lesser corn stalk borer
southern leaf spot@id=southern leaf spot
purple stem borer@id=purple stem borer
creeping thistle@id=creeping thistle
Karnal bunt of wheat@id=Karnal bunt of wheat
white garden snail@id=white garden snail
shepherd's purse@id=shepherd's purse
dried currant moth@id=dried currant moth
white leafhopper@id=white leafhopper
stalk rot of maize@id=stalk rot of maize
greater bandicoot rat@id=greater bandicoot rat
wheat aphid@id=wheat aphid
sunn pest@id=sunn pest
black cutworm@id=black cutworm
European crane fly@id=European crane fly
frit fly@id=frit fly
grain weevil@id=grain weevil
Olpidium seedling blight@id=Olpidium seedling blight
cucurbit beetle@id=cucurbit beetle
cotton, seed bug@id=cotton, seed bug
khapra beetle@id=khapra beetle
potato skin borer@id=potato skin borer
white top borer@id=white top borer
stem rust of cereals@id=stem rust of cereals
southern false wireworm@id=southern false wireworm
Moroccan locust@id=Moroccan locust
damping-off@id=damping-off
nettleleaf goosefoot@id=nettleleaf goosefoot
lesser grain borer@id=lesser grain borer
Fusarium blight@id=Fusarium blight
spring green aphid@id=spring green aphid
many names, depending on host@id=many names, depending on host
European mole cricket@id=European mole cricket
confused flour beetle@id=confused flour beetle
gallant soldier@id=gallant soldier
maize leafhopper@id=maize leafhopper
rusty plum aphid@id=rusty plum aphid
rice stripe tenuivirus@id=rice stripe tenuivirus
maize webworm@id=maize webworm
american sloughgrass@id=american sloughgrass
paddy armyworm@id=paddy armyworm
ergot@id=ergot
harvester, termite@id=harvester, termite
root lesion nematode@id=root lesion nematode
blast of oil palm@id=blast of oil palm
dwarf bunt of wheat@id=dwarf bunt of wheat
black henbane@id=black henbane
hoary cress@id=hoary cress
beet webworm@id=beet webworm
crowfoot grass@id=crowfoot grass
wheat stem maggot@id=wheat stem maggot
white grubs@id=white grubs
yellow rust@id=yellow rust
glume blotch@id=glume blotch
striped flea beetle@id=striped flea beetle
goose grass@id=goose grass
common heliotrope@id=common heliotrope
annual nettle@id=annual nettle
lucerne bug@id=lucerne bug
rice stem maggot@id=rice stem maggot
rice leaf folder@id=rice leaf folder
dark-headed striped borer@id=dark-headed striped borer
rice grasshopper@id=rice grasshopper
fall armyworm@id=fall armyworm
rice leaf miner@id=rice leaf miner
yellow sweet clover@id=yellow sweet clover
Hessian fly@id=Hessian fly
norteast larger black chafer@id=norteast larger black chafer
culm rot: cereals@id=culm rot: cereals
book louse@id=book louse
basal canker of hop@id=basal canker of hop
wheat bug@id=wheat bug
knotgrass@id=knotgrass
green stink bug@id=green stink bug
wheat bunt@id=wheat bunt
flat grain beetle@id=flat grain beetle
wheat curl mite@id=wheat curl mite
grain moth@id=grain moth
rice, leafbug@id=rice, leafbug
rice meal moth@id=rice meal moth
spiral nematode@id=spiral nematode
cereal cyst eelworm@id=cereal cyst eelworm
stem and bulb nematode@id=stem and bulb nematode
grass, thrips, red@id=grass, thrips, red
black-grass@id=black-grass
wheat stem sawfly@id=wheat stem sawfly
rhubarb crown rot@id=rhubarb crown rot
wheat yellow blossom midge@id=wheat yellow blossom midge
apple-grass aphid@id=apple-grass aphid
headblight of maize@id=headblight of maize
copper green chafer@id=copper green chafer
grain dermestid@id=grain dermestid
wild oat@id=wild oat
wheat seed gall nematode@id=wheat seed gall nematode
white leafhopper@id=white leafhopper
smaller velvet chafer@id=smaller velvet chafer
flag smut of wheat@id=flag smut of wheat
fescue aphid@id=fescue aphid
african mole cricket@id=african mole cricket
redlegged earth mite@id=redlegged earth mite
rice hispa@id=rice hispa
take-all@id=take-all
spreading dayflower@id=spreading dayflower
saw toothed grain beetle@id=saw toothed grain beetle
Victoria blight of oats@id=Victoria blight of oats
rice armyworm@id=rice armyworm
cereal mite@id=cereal mite
longidorids@id=longidorids
white leaf disease of rice@id=white leaf disease of rice
quackgrass@id=quackgrass
western corn rootworm@id=western corn rootworm
drugstore beetle@id=drugstore beetle
common garden snail@id=common garden snail
cadelle@id=cadelle
downy mildew@id=downy mildew
bakanae disease of rice@id=bakanae disease of rice
green peach aphid@id=green peach aphid
maize ladybird@id=maize ladybird
mouse@id=mouse
stubby root nematodes@id=stubby root nematodes
